OpenJDK 64-Bit Server VM (24.91-b01) for linux-amd64 JRE (1.7.0_91-b02), built on Nov 19 2015 06:14:37 by "buildd" with gcc 4.8.2
Memory: 4k page, physical 16118240k(12279720k free), swap 16456700k(16456700k free)
CommandLine flags: -XX:+CMSIncrementalMode -XX:InitialHeapSize=257891840 -XX:MaxHeapSize=4126269440 -XX:MaxNewSize=697933824 -XX:MaxTenuringThreshold=6 -XX:OldPLABSize=16 -XX:+PrintGC -XX:+PrintGCTimeStamps -XX:+UseCompressedOops -XX:+UseConcMarkSweepGC -XX:+UseParNewGC 
0.158: [GC 67200K->70472K(243520K), 0.2402850 secs]
0.429: [GC 101888K(243520K), 0.0257850 secs]
0.497: [GC 137672K->146813K(243520K), 0.0952080 secs]
0.664: [GC 214013K->223941K(291712K), 0.1258130 secs]
0.863: [GC 291141K->301445K(369088K), 0.1100710 secs]
1.043: [GC 368645K->379169K(446848K), 0.1021920 secs]
1.216: [GC 446369K->456800K(524416K), 0.1018990 secs]
1.388: [GC 524000K->534578K(602176K), 0.1051490 secs]
1.569: [GC 601778K->612396K(679936K), 0.1035320 secs]
1.743: [GC 679596K->690115K(757696K), 0.1081570 secs]
1.921: [GC 757315K->766778K(834496K), 0.0976410 secs]
2.088: [GC 833978K->844239K(911872K), 0.0960270 secs]
2.254: [GC 911439K->919817K(987520K), 0.0997370 secs]
2.422: [GC 987017K->997773K(1065472K), 0.0988490 secs]
2.589: [GC 1064973K->1075663K(1143424K), 0.0990990 secs]
